<html>
<body>
<pre>
<h1>µVision Build Log</h1>
<h2>Tool Versions:</h2>
IDE-Version: ¦ÌVision V5.14.0.0
Copyright (C) 2015 ARM Ltd and ARM Germany GmbH. All rights reserved.
License Information: 1 Administrator, 1, LIC=----
 
Tool Versions:
Toolchain:       MDK-Lite  Version: 5.14.0.0
Toolchain Path:  C:\Keil_v5\ARM\ARMCC\Bin
C Compiler:      Armcc.exe V5.05 update 1 (build 106)
Assembler:       Armasm.exe V5.05 update 1 (build 106)
Linker/Locator:  ArmLink.exe V5.05 update 1 (build 106)
Library Manager: ArmAr.exe V5.05 update 1 (build 106)
Hex Converter:   FromElf.exe V5.05 update 1 (build 106)
CPU DLL:         SARMCM3.DLL V5.14.0.0
Dialog DLL:      DCM.DLL V1.13.1.0
Target DLL:      Segger\JL2CM3.dll V2.99.13.0
Dialog DLL:      TCM.DLL V1.14.4.0
 
<h2>Project:</h2>
C:\Users\Administrator\Documents\STM32F4Ñ§Ï°\RoboMasterµÂ·ÉÀ³407\RoboMasterµÂ·ÉÀ³407\USER\PWM.uvprojx
Project File Date:  05/07/2017

<h2>Output:</h2>
Build target 'PWM'
compiling motor.c...
..\HARDWARE\MOTOR\motor.c(190): warning:  #550-D: variable "haha_set_range" was set but never used
        int haha_set_range,hehe_set_range;
..\HARDWARE\MOTOR\motor.c(190): warning:  #550-D: variable "hehe_set_range" was set but never used
        int haha_set_range,hehe_set_range;
..\HARDWARE\MOTOR\motor.c: 2 warnings, 0 errors
linking...
Program Size: Code=18428 RO-data=424 RW-data=216 ZI-data=2576  
FromELF: creating hex file...
"..\OBJ\PWM.axf" - 0 Error(s), 2 Warning(s).

<h2>Collection of Component include folders:</h2>
  C:\Users\Administrator\Documents\STM32F4Ñ§Ï°\RoboMasterµÂ·ÉÀ³407\RoboMasterµÂ·ÉÀ³407\USER\RTE
  C:\Keil_v5\ARM\PACK\Keil\STM32F4xx_DFP\1.0.8\Device\Include

<h2>Collection of Component Files used:</h2>
</pre>
</body>
</html>
